org\gieback\Service\ICompteService.class
org\gieback\DAO\EntrepriseDao.class
org\gieback\Service\MailService.class
org\gieback\Controller\PersonneController.class
org\gieback\DAO\IEntrepriseDao.class
org\gieback\Entity\Compte.class
org\gieback\DAO\IAdressDao.class
org\gieback\Service\AdresseService.class
org\gieback\Service\EntrepriseService.class
org\gieback\Controller\EntrepriseController.class
org\gieback\DAO\ICompteDao.class
org\gieback\Entity\Adresse.class
org\gieback\Controller\CompteController.class
org\gieback\Controller\ContactController.class
org\gieback\Service\IPersonneService.class
org\gieback\DAO\CompteDao.class
org\gieback\DAO\AdressDao.class
org\gieback\DAO\IPersonneDao.class
org\gieback\Entity\Personne.class
org\gieback\Controller\AdresseController.class
org\gieback\Service\IEntrepriseService.class
org\gieback\DTO\EmailDetails.class
org\gieback\Entity\Contact.class
org\gieback\Entity\Entreprise.class
org\gieback\Service\IAdresseService.class
org\gieback\Service\CompteService.class
org\gieback\Controller\MailController.class
org\gieback\HibernateUtility\HibernateUtil.class
org\gieback\DAO\PersonneDao.class
org\gieback\App.class
org\gieback\Service\PersonneService.class
