/home/hamza/IdeaProjects/PDSPro/gieBackend/src/main/java/org/gieback/Controller/ProductController.java
/home/hamza/IdeaProjects/PDSPro/gieBackend/src/main/java/org/gieback/Service/EntrepriseService.java
/home/hamza/IdeaProjects/PDSPro/gieBackend/src/main/java/org/gieback/DAO/IAchatDao.java
/home/hamza/IdeaProjects/PDSPro/gieBackend/src/main/java/org/gieback/DAO/IEntrepriseDao.java
/home/hamza/IdeaProjects/PDSPro/gieBackend/src/main/java/org/gieback/DAO/AchatDao.java
/home/hamza/IdeaProjects/PDSPro/gieBackend/src/main/java/org/gieback/Service/AdresseService.java
/home/hamza/IdeaProjects/PDSPro/gieBackend/src/main/java/org/gieback/DAO/AdressDao.java
/home/hamza/IdeaProjects/PDSPro/gieBackend/src/main/java/org/gieback/DTO/EmailDetails.java
/home/hamza/IdeaProjects/PDSPro/gieBackend/src/main/java/org/gieback/Controller/CompteController.java
/home/hamza/IdeaProjects/PDSPro/gieBackend/src/main/java/org/gieback/Controller/AdresseController.java
/home/hamza/IdeaProjects/PDSPro/gieBackend/src/main/java/org/gieback/Service/ICompteService.java
/home/hamza/IdeaProjects/PDSPro/gieBackend/src/main/java/org/gieback/DAO/ICommandeDao.java
/home/hamza/IdeaProjects/PDSPro/gieBackend/src/main/java/org/gieback/Service/CommandeService.java
/home/hamza/IdeaProjects/PDSPro/gieBackend/src/main/java/org/gieback/DAO/CompteDao.java
/home/hamza/IdeaProjects/PDSPro/gieBackend/src/main/java/org/gieback/Service/IAdresseService.java
/home/hamza/IdeaProjects/PDSPro/gieBackend/src/main/java/org/gieback/Controller/AchatController.java
/home/hamza/IdeaProjects/PDSPro/gieBackend/src/main/java/org/gieback/Entity/Entreprise.java
/home/hamza/IdeaProjects/PDSPro/gieBackend/src/main/java/org/gieback/Service/IProductService.java
/home/hamza/IdeaProjects/PDSPro/gieBackend/src/main/java/org/gieback/Entity/ContactType.java
/home/hamza/IdeaProjects/PDSPro/gieBackend/src/main/java/org/gieback/Controller/ContactController.java
/home/hamza/IdeaProjects/PDSPro/gieBackend/src/main/java/org/gieback/Entity/Category.java
/home/hamza/IdeaProjects/PDSPro/gieBackend/src/main/java/org/gieback/DAO/IPersonneDao.java
/home/hamza/IdeaProjects/PDSPro/gieBackend/src/main/java/org/gieback/HibernateUtility/HibernateUtil.java
/home/hamza/IdeaProjects/PDSPro/gieBackend/src/main/java/org/gieback/Entity/Adresse.java
/home/hamza/IdeaProjects/PDSPro/gieBackend/src/main/java/org/gieback/Entity/Product.java
/home/hamza/IdeaProjects/PDSPro/gieBackend/src/main/java/org/gieback/Entity/Compte.java
/home/hamza/IdeaProjects/PDSPro/gieBackend/src/main/java/org/gieback/Entity/Achat.java
/home/hamza/IdeaProjects/PDSPro/gieBackend/src/main/java/org/gieback/DAO/PersonneDao.java
/home/hamza/IdeaProjects/PDSPro/gieBackend/src/main/java/org/gieback/Entity/AchatDetail.java
/home/hamza/IdeaProjects/PDSPro/gieBackend/src/main/java/org/gieback/DAO/CommandeDao.java
/home/hamza/IdeaProjects/PDSPro/gieBackend/src/main/java/org/gieback/Service/AchatService.java
/home/hamza/IdeaProjects/PDSPro/gieBackend/src/main/java/org/gieback/Controller/PersonneController.java
/home/hamza/IdeaProjects/PDSPro/gieBackend/src/main/java/org/gieback/DAO/IProductDao.java
/home/hamza/IdeaProjects/PDSPro/gieBackend/src/main/java/org/gieback/Controller/EntrepriseController.java
/home/hamza/IdeaProjects/PDSPro/gieBackend/src/main/java/org/gieback/Service/ProductService.java
/home/hamza/IdeaProjects/PDSPro/gieBackend/src/main/java/org/gieback/Service/ICommandeService.java
/home/hamza/IdeaProjects/PDSPro/gieBackend/src/main/java/org/gieback/Entity/EtatCommande.java
/home/hamza/IdeaProjects/PDSPro/gieBackend/src/main/java/org/gieback/Entity/Commande.java
/home/hamza/IdeaProjects/PDSPro/gieBackend/src/main/java/org/gieback/DAO/EntrepriseDao.java
/home/hamza/IdeaProjects/PDSPro/gieBackend/src/main/java/org/gieback/Service/IAchatService.java
/home/hamza/IdeaProjects/PDSPro/gieBackend/src/main/java/org/gieback/Service/MailService.java
/home/hamza/IdeaProjects/PDSPro/gieBackend/src/main/java/org/gieback/Controller/CommandeController.java
/home/hamza/IdeaProjects/PDSPro/gieBackend/src/main/java/org/gieback/Entity/Contact.java
/home/hamza/IdeaProjects/PDSPro/gieBackend/src/main/java/org/gieback/Controller/MailController.java
/home/hamza/IdeaProjects/PDSPro/gieBackend/src/main/java/org/gieback/DAO/ProductDao.java
/home/hamza/IdeaProjects/PDSPro/gieBackend/src/main/java/org/gieback/DAO/ICompteDao.java
/home/hamza/IdeaProjects/PDSPro/gieBackend/src/main/java/org/gieback/DAO/IAdressDao.java
/home/hamza/IdeaProjects/PDSPro/gieBackend/src/main/java/org/gieback/Service/IEntrepriseService.java
/home/hamza/IdeaProjects/PDSPro/gieBackend/src/main/java/org/gieback/Entity/Personne.java
/home/hamza/IdeaProjects/PDSPro/gieBackend/src/main/java/org/gieback/Service/PersonneService.java
/home/hamza/IdeaProjects/PDSPro/gieBackend/src/main/java/org/gieback/Service/IPersonneService.java
/home/hamza/IdeaProjects/PDSPro/gieBackend/src/main/java/org/gieback/App.java
/home/hamza/IdeaProjects/PDSPro/gieBackend/src/main/java/org/gieback/Service/CompteService.java
