C:\Users\hp\IdeaProjects\pds.gie\gieBackend\src\main\java\org\gieback\HibernateUtility\HibernateUtil.java
C:\Users\hp\IdeaProjects\pds.gie\gieBackend\src\main\java\org\gieback\Controller\ContactController.java
C:\Users\hp\IdeaProjects\pds.gie\gieBackend\src\main\java\org\gieback\Controller\EntityBody.java
C:\Users\hp\IdeaProjects\pds.gie\gieBackend\src\main\java\org\gieback\Service\IService.java
C:\Users\hp\IdeaProjects\pds.gie\gieBackend\src\main\java\org\gieback\Entity\Contact.java
C:\Users\hp\IdeaProjects\pds.gie\gieBackend\src\main\java\org\gieback\Entity\Entreprise.java
C:\Users\hp\IdeaProjects\pds.gie\gieBackend\src\main\java\org\gieback\Service\IContactService.java
C:\Users\hp\IdeaProjects\pds.gie\gieBackend\src\main\java\org\gieback\DAO\IContactDao.java
C:\Users\hp\IdeaProjects\pds.gie\gieBackend\src\main\java\org\gieback\DAO\IDao.java
C:\Users\hp\IdeaProjects\pds.gie\gieBackend\src\main\java\org\gieback\App.java
C:\Users\hp\IdeaProjects\pds.gie\gieBackend\src\main\java\org\gieback\Entity\Personne.java
C:\Users\hp\IdeaProjects\pds.gie\gieBackend\src\main\java\org\gieback\Service\ContactService.java
C:\Users\hp\IdeaProjects\pds.gie\gieBackend\src\main\java\org\gieback\Entity\Contactt.java
C:\Users\hp\IdeaProjects\pds.gie\gieBackend\src\main\java\org\gieback\DAO\ContactDao.java
