C:\Users\dell\Desktop\PDSV1\pds.gie\gieBackend\src\main\java\org\gieback\DAO\IPersonneDao.java
C:\Users\dell\Desktop\PDSV1\pds.gie\gieBackend\src\main\java\org\gieback\Entity\Contact.java
C:\Users\dell\Desktop\PDSV1\pds.gie\gieBackend\src\main\java\org\gieback\Controller\EntrepriseController.java
C:\Users\dell\Desktop\PDSV1\pds.gie\gieBackend\src\main\java\org\gieback\DAO\IEntrepriseDao.java
C:\Users\dell\Desktop\PDSV1\pds.gie\gieBackend\src\main\java\org\gieback\Entity\Compte.java
C:\Users\dell\Desktop\PDSV1\pds.gie\gieBackend\src\main\java\org\gieback\Service\CompteService.java
C:\Users\dell\Desktop\PDSV1\pds.gie\gieBackend\src\main\java\org\gieback\DAO\IAdressDao.java
C:\Users\dell\Desktop\PDSV1\pds.gie\gieBackend\src\main\java\org\gieback\Service\MailService.java
C:\Users\dell\Desktop\PDSV1\pds.gie\gieBackend\src\main\java\org\gieback\Service\PersonneService.java
C:\Users\dell\Desktop\PDSV1\pds.gie\gieBackend\src\main\java\org\gieback\Controller\PersonneController.java
C:\Users\dell\Desktop\PDSV1\pds.gie\gieBackend\src\main\java\org\gieback\DAO\PersonneDao.java
C:\Users\dell\Desktop\PDSV1\pds.gie\gieBackend\src\main\java\org\gieback\Controller\ContactController.java
C:\Users\dell\Desktop\PDSV1\pds.gie\gieBackend\src\main\java\org\gieback\Entity\Personne.java
C:\Users\dell\Desktop\PDSV1\pds.gie\gieBackend\src\main\java\org\gieback\Service\IPersonneService.java
C:\Users\dell\Desktop\PDSV1\pds.gie\gieBackend\src\main\java\org\gieback\App.java
C:\Users\dell\Desktop\PDSV1\pds.gie\gieBackend\src\main\java\org\gieback\DAO\CompteDao.java
C:\Users\dell\Desktop\PDSV1\pds.gie\gieBackend\src\main\java\org\gieback\Service\ICompteService.java
C:\Users\dell\Desktop\PDSV1\pds.gie\gieBackend\src\main\java\org\gieback\Service\IAdresseService.java
C:\Users\dell\Desktop\PDSV1\pds.gie\gieBackend\src\main\java\org\gieback\Controller\CompteController.java
C:\Users\dell\Desktop\PDSV1\pds.gie\gieBackend\src\main\java\org\gieback\Controller\AdresseController.java
C:\Users\dell\Desktop\PDSV1\pds.gie\gieBackend\src\main\java\org\gieback\DTO\EmailDetails.java
C:\Users\dell\Desktop\PDSV1\pds.gie\gieBackend\src\main\java\org\gieback\DAO\AdressDao.java
C:\Users\dell\Desktop\PDSV1\pds.gie\gieBackend\src\main\java\org\gieback\Entity\Entreprise.java
C:\Users\dell\Desktop\PDSV1\pds.gie\gieBackend\src\main\java\org\gieback\HibernateUtility\HibernateUtil.java
C:\Users\dell\Desktop\PDSV1\pds.gie\gieBackend\src\main\java\org\gieback\Service\EntrepriseService.java
C:\Users\dell\Desktop\PDSV1\pds.gie\gieBackend\src\main\java\org\gieback\Service\AdresseService.java
C:\Users\dell\Desktop\PDSV1\pds.gie\gieBackend\src\main\java\org\gieback\Controller\MailController.java
C:\Users\dell\Desktop\PDSV1\pds.gie\gieBackend\src\main\java\org\gieback\Service\IEntrepriseService.java
C:\Users\dell\Desktop\PDSV1\pds.gie\gieBackend\src\main\java\org\gieback\DAO\EntrepriseDao.java
C:\Users\dell\Desktop\PDSV1\pds.gie\gieBackend\src\main\java\org\gieback\DAO\ICompteDao.java
C:\Users\dell\Desktop\PDSV1\pds.gie\gieBackend\src\main\java\org\gieback\Entity\Adresse.java
