org\giefront\Service\AdresseService$2.class
org\giefront\Service\PersonneService$7.class
org\giefront\Service\ContactService.class
org\giefront\Service\AdresseService.class
org\giefront\Service\PersonneService$3.class
org\giefront\DTO\Contact.class
org\giefront\DTO\Personne.class
org\giefront\Service\EntrepriseService$6.class
org\giefront\Service\PersonneService$6.class
org\giefront\MainInterfaceController.class
org\giefront\Service\MailService.class
org\giefront\Service\PersonneService$4.class
org\giefront\Service\AdresseService$3.class
org\giefront\Service\EntrepriseService$3.class
org\giefront\Service\IService.class
org\giefront\AdvancedSearchP.class
org\giefront\PersonneController.class
org\giefront\Service\PersonneService$5.class
org\giefront\AdvancedSearchE.class
org\giefront\DTO\Adresse.class
org\giefront\EntrepriseModifController.class
org\giefront\NotifierController.class
org\giefront\Service\EntrepriseService.class
org\giefront\DTO\Entreprise.class
module-info.class
org\giefront\Service\AdresseService$4.class
org\giefront\Service\EntrepriseService$2.class
org\giefront\Service\PersonneService$1.class
org\giefront\Service\EntrepriseService$5.class
org\giefront\Service\AdresseService$1.class
org\giefront\MessagerieController.class
org\giefront\PersonneModificationController.class
org\giefront\Service\PersonneService.class
org\giefront\Service\EntrepriseService$4.class
org\giefront\Service\ContactService$1.class
org\giefront\Service\PersonneService$2.class
org\giefront\TestFront.class
org\giefront\LoginConroller.class
org\giefront\EntrepriseController.class
org\giefront\Service\EntrepriseService$1.class
