C:\Users\dell\Desktop\PDSV1\pds.gie\gieFrontend\src\main\java\module-info.java
C:\Users\dell\Desktop\PDSV1\pds.gie\gieFrontend\src\main\java\org\giefront\MainInterfaceController.java
C:\Users\dell\Desktop\PDSV1\pds.gie\gieFrontend\src\main\java\org\giefront\Service\ContactService.java
C:\Users\dell\Desktop\PDSV1\pds.gie\gieFrontend\src\main\java\org\giefront\EntrepriseModifController.java
C:\Users\dell\Desktop\PDSV1\pds.gie\gieFrontend\src\main\java\org\giefront\Service\IService.java
C:\Users\dell\Desktop\PDSV1\pds.gie\gieFrontend\src\main\java\org\giefront\DTO\Personne.java
C:\Users\dell\Desktop\PDSV1\pds.gie\gieFrontend\src\main\java\org\giefront\DTO\Contact.java
C:\Users\dell\Desktop\PDSV1\pds.gie\gieFrontend\src\main\java\org\giefront\PersonneController.java
C:\Users\dell\Desktop\PDSV1\pds.gie\gieFrontend\src\main\java\org\giefront\DTO\Entreprise.java
C:\Users\dell\Desktop\PDSV1\pds.gie\gieFrontend\src\main\java\org\giefront\AdvancedSearchP.java
C:\Users\dell\Desktop\PDSV1\pds.gie\gieFrontend\src\main\java\org\giefront\Service\AdresseService.java
C:\Users\dell\Desktop\PDSV1\pds.gie\gieFrontend\src\main\java\org\giefront\PersonneModificationController.java
C:\Users\dell\Desktop\PDSV1\pds.gie\gieFrontend\src\main\java\org\giefront\AdvancedSearchE.java
C:\Users\dell\Desktop\PDSV1\pds.gie\gieFrontend\src\main\java\org\giefront\TestFront.java
C:\Users\dell\Desktop\PDSV1\pds.gie\gieFrontend\src\main\java\org\giefront\EntrepriseController.java
C:\Users\dell\Desktop\PDSV1\pds.gie\gieFrontend\src\main\java\org\giefront\Service\EntrepriseService.java
C:\Users\dell\Desktop\PDSV1\pds.gie\gieFrontend\src\main\java\org\giefront\Service\PersonneService.java
C:\Users\dell\Desktop\PDSV1\pds.gie\gieFrontend\src\main\java\org\giefront\DTO\Adresse.java
